                                                   BOHR51FL
                                                BOHR51FL_DICT

                                        BOHR51FL.DCF
                                    Last Modified:  2/26/2010  11:56:59 AM

--------------------------------------------------------------------------------------------------------------
Level Label                                                 Level Name                     Type            Rec
  Record Label                                                Record Name                 Value  Req  Max  Len
--------------------------------------------------------------------------------------------------------------
HOUSEHOLD                                                   HOUSEHOLD
  RECORD1                                                     RECORD1                            Yes    1 4297
Level: HOUSEHOLD                                       Record: RECORD1
--------------------------------------------------------------------------------------------------------------
                                                                                 Data Item            Dec Zero
Item Label                                     Item Name              Start  Len Type Type  Occ  Dec Char Fill
--------------------------------------------------------------------------------------------------------------
  (record type)                                                           0    0   AN    I    1    0   No   No
Case Identification                       (id) HHID                       1   12   AN    I    1    0   No   No
Country code and phase                         HV000                     13    3   AN    I    1    0   No   No
Cluster number                                 HV001                     16    8    N    I    1    0   No   No
Household number                               HV002                     24    4    N    I    1    0   No   No
Respondent's line number                       HV003                     28    3    N    I    1    0   No   No
        1:999  
Ultimate area unit                             HV004                     31    4    N    I    1    0   No   No
Sample weight                                  HV005                     35    8    N    I    1    0   No   No
Month of interview                             HV006                     43    2    N    I    1    0   No   No
        1:12  
Year of interview                              HV007                     45    4    N    I    1    0   No   No
        1999:2008  
Date of interview (CMC)                        HV008                     49    4    N    I    1    0   No   No
Number of household members                    HV009                     53    2    N    I    1    0   No   No
        0:90  
Number of eligible women in HH                 HV010                     55    2    N    I    1    0   No   No
        0:20  
Number of eligible men in HH                   HV011                     57    2    N    I    1    0   No   No
        0:20  
Number of de jure members                      HV012                     59    2    N    I    1    0   No   No
        0:90  
Number of de facto members                     HV013                     61    2    N    I    1    0   No   No
        0:90  
Number of children 5 and under                 HV014                     63    2    N    I    1    0   No   No
        0:20  
Result of household interview                  HV015                     65    1    N    I    1    0   No   No
        1  Completed
        2  HH present, no resp
        3  HH absent
        4  Postponed
        5  Refused
        6  Dwelling vacant
        7  Dwelling destroyed
        8  Dwelling not found
        9  Other
Day of interview                               HV016                     66    2    N    I    1    0   No   No
        1:31  
Number of visits                               HV017                     68    1    N    I    1    0   No   No
        1:6  
Interviewer identification                     HV018                     69    3    N    I    1    0   No   No
Keyer identification                           HV019                     72    2    N    I    1    0   No   No
Ever-married sample                            HV020                     74    1    N    I    1    0   No   No
        0  All woman sample
        1  Ever married sample
Primary sampling unit                          HV021                     75    4    N    I    1    0   No   No
Sample stratum number                          HV022                     79    4    N    I    1    0   No   No
Sample domain                                  HV023                     83    2    N    I    1    0   No   No
        0  National
        1  Country specific
Region                                         HV024                     85    2    N    I    1    0   No   No
        1  Chuquisaca
        2  La Paz
        3  Cochabamba
        4  Oruro
        5  Potosí
        6  Tarija
        7  Santa Cruz
        8  Beni
        9  Pando
Type of place of residence                     HV025                     87    1    N    I    1    0   No   No
        1  Urban
        2  Rural
NA - Place of residence                        HV026                     88    1    N    I    1    0   No   No
        0  Capital, large city
        1  Small city
        2  Town
        3  Countryside
    (m) 9  Missing
Selection for male/husb. int.                  HV027                     89    1    N    I    1    0   No   No
        0  Not selected
        1  Men's survey
        2  Husband's survey
Sample weight for male subsamp                 HV028                     90    8    N    I    1    0   No   No
Field supervisor                               HV030                     98    3    N    I    1    0   No   No
Field editor                                   HV031                    101    3    N    I    1    0   No   No
Office editor                                  HV032                    104    2    N    I    1    0   No   No
NA - Ultimate area selection prob.             HV033                    106    8    N    I    1    0   No   No
Number of eligible children for height & weightHV035                    114    2    N    I    1    0   No   No
        0:20  
Cluster altitude in meters                     HV040                    116    4    N    I    1    0   No   No
Total adults measured                          HV041                    120    2    N    I    1    0   No   No
        0:15  
Selection for hemoglobin                       HV042                    122    1    N    I    1    0   No   No
        0  Not selected
        1  Selected
NA - Selection for women's status module       HV043                    123    1    N    I    1    0   No   No
        0  Household not selected
        1  Household selected
   (na)    NotAppl
Selection for domestic violence module         HV044                    124    1    N    I    1    0   No   No
        0  Household not selected
        1  Household selected
   (na)    NotAppl
Source of drinking water                       HV201                    125    2    N    I    1    0   No   No
        10     PIPED WATER
        11     Piped into dwelling
        12     Piped to yard/plot
        13     Public tap/standpipe
        11:19  
        20     TUBE WELL WATER
        21     Tube well or borehole
        21:29  
        30     DUG WELL (OPEN/PROTECTED)
        31     Protected well
        32     Unprotected well
        31:39  
        40     SURFACE WATER
        41     Protected spring
        42     Unprotected spring
        43     River/dam/
        44     Lake/ pond/ stream
        51     Rainwater
        61     Tanker truck
        62     Cart with small tank
        71     Bottled water
        96     Other
    (m) 99     Missing
   (na)        NotAppl
Source of non-drinking water                   HV202                    127    2    N    I    1    0   No   No
        10     PIPED WATER
        11     Piped into dwelling
        12     Piped to yard/plot
        13     Public tap/standpipe
        11:19  
        20     TUBE WELL WATER
        21     Tube well or borehole
        21:29  
        30     DUG WELL (OPEN/PROTECTED)
        31     Protected well
        32     Unprotected well
        31:39  
        40     SURFACE WATER
        41     Protected spring
        42     Unprotected spring
        43     River/dam/lake/ponds/stream/canal/irirgation channel
        44     Lake/ pond/ stream
        51     Rainwater
        61     Tanker truck
        62     Cart with small tank
        71     Bottled water
        96     Other
    (m) 99     Missing
   (na)        NotAppl
Time to get to water source                    HV204                    129    3    N    I    1    0   No   No
        1:500  
        996    On premises
        998    DK
    (m) 999    Missing
   (na)        NotAppl
NA - Type of toilet facility                   HV205                    132    2    N    I    1    0   No   No
        10     FLUSH TOILET
        11     Flush toilet connected to sewage system
        12     Flush toilet connected to septic tank
        13     Pozo ciego
        14     A la superficie (calle, quebrada, rio)
        20     PIT TOILET LATRINE
        21:29  
        30     NO FACILITY
        31     No facility
        41     Composting toilet
        42     Bucket toilet
        43     Hanging toilet/latrine
        96     OTHER
    (m) 99     Missing
   (na)        NotAppl
Has electricity                                HV206                    134    1    N    I    1    0   No   No
        0  No
        1  Yes
    (m) 9  Missing
   (na)    NotAppl
Has radio                                      HV207                    135    1    N    I    1    0   No   No
        0  No
        1  Yes
    (m) 9  Missing
   (na)    NotAppl
Has television                                 HV208                    136    1    N    I    1    0   No   No
        0  No
        1  Yes
    (m) 9  Missing
   (na)    NotAppl
Has refrigerator                               HV209                    137    1    N    I    1    0   No   No
        0  No
        1  Yes
    (m) 9  Missing
   (na)    NotAppl
Has bicycle                                    HV210                    138    1    N    I    1    0   No   No
        0  No
        1  Yes
    (m) 9  Missing
   (na)    NotAppl
Has motorcycle/scooter                         HV211                    139    1    N    I    1    0   No   No
        0  No
        1  Yes
    (m) 9  Missing
   (na)    NotAppl
Has car/truck                                  HV212                    140    1    N    I    1    0   No   No
        0  No
        1  Yes
    (m) 9  Missing
   (na)    NotAppl
Main floor material                            HV213                    141    2    N    I    1    0   No   No
        10  NATURAL
        11  Mud/Dirt
        20  RUDIMENTARY
        21  Wood
        22  Parquet / "Machimbre"
        30  FINISHED
        31  Carpet
        32  Cement
        33  Tile, ceramic
        34  Bricks
        96  OTHER
    (m) 99  Missing
   (na)     NotAppl
Main wall material                             HV214                    143    2    N    I    1    0   No   No
        10  NATURAL
        11  Cane/palm
        20  RUDIMENTARY
        21  "Tabique, quinche"
        22  Stone
        23  Wood
        30  FINISHED
        31  Bricks
        32  Adobe / "tapial"
        96  OTHER
    (m) 99  Missing
   (na)     NotAppl
Main roof material                             HV215                    145    2    N    I    1    0   No   No
        10     NATURAL
        11     Cane/ palm/ mud
        20     RUDIMENTARY
        21:29  
        30     FINISHED
        31     "Calamina/ plancha"
        32     Tiles ("Teja")
        33     "Losade hormigon armado"
        96     OTHER
    (m) 99     Missing
   (na)        NotAppl
Rooms used for sleeping                        HV216                    147    2    N    I    1    0   No   No
        0:24  
    (m) 99    Missing
   (na)       Not applicable
Relationship structure                         HV217                    149    1    N    I    1    0   No   No
        0  No adults
        1  One adult
        2  Two adults, opp. sex
        3  Two adults, same sex
        4  Three+ related adult
        5  Unrelated adults
Line number of head of househ.                 HV218                    150    2    N    I    1    0   No   No
        1:90  
Sex of head of household                       HV219                    152    1    N    I    1    0   No   No
        1  Male
        2  Female
    (m) 9  Missing
Age of head of household                       HV220                    153    2    N    I    1    0   No   No
        0:96  
        97    96+
        98    DK
    (m) 99    Missing
Has telephone                                  HV221                    155    1    N    I    1    0   No   No
        0  No
        1  Yes
    (m) 9  Missing
   (na)    NotAppl
Share toilet with other households             HV225                    156    1    N    I    1    0   No   No
        0  No
        1  Yes
    (m) 9  Missing
   (na)    NotAppl
Type of cooking fuel                           HV226                    157    2    N    I    1    0   No   No
        1   Electricity
        2   LPG
        3   Natural gas
        4   Biogas
        5   Kerosene
        6   Coal, lignite
        7   Charcoal
        8   Wood
        9   Straw / shrubs / grass
        10  Agricultural crop
        11  Animal dung
        95  No food cooked in HH
        96  Other
    (m) 99  Missing
NA - Have bednet for sleeping                  HV227                    159    1    N    I    1    0   No   No
        0  No
        1  Yes
    (m) 9  Missing
NA - Children under 5 slept under bednet last nHV228                    160    1    N    I    1    0   No   No
        0  No
        1  All children
        2  Some children
        3  No bednet in HH
    (m) 9  Missing
   (na)    NotAppl
NA - Test salt for Iodine                      HV234                    161    3    N    I    1    0   No   No
        0    0 PPM (No Iodine)
        7    7 PPM
        15   15 PPM
        30   30 PPM
        994  Salt not tested
        995  No salt in household
    (m) 999  Missing
   (na)      NotAppl
NA - Location of source for water              HV235                    164    1    N    I    1    0   No   No
        1  In own dwelling
        2  In own yard/plot
        3  Elsewhere
    (m) 9  Missing
   (na)    Not applicable
NA - Person fetching water                     HV236                    165    1    N    I    1    0   No   No
        1  Adult woman
        2  Adult man
        3  Female child under 15 years old
        4  Male child under 15 years old
        6  Other
    (m) 9  Missing
   (na)    Not applicable
Anything done to water to make safe to drink   HV237                    166    1    N    I    1    0   No   No
        0  No
        1  Yes
        8  Don't know
    (m) 9  Missing
   (na)    Not applicable
Water usually treated by: boil                 HV237A                   167    1    N    I    1    0   No   No
        0  No
        1  Yes
        8  Don't know
    (m) 9  Missing
   (na)    Not applicable
Water usually treated by: add bleach/chlorine  HV237B                   168    1    N    I    1    0   No   No
        0  No
        1  Yes
        8  Don't know
    (m) 9  Missing
   (na)    Not applicable
Water usually treated by: strain through a clotHV237C                   169    1    N    I    1    0   No   No
        0  No
        1  Yes
        8  Don't know
    (m) 9  Missing
   (na)    Not applicable
Water usually treated by: use water filter     HV237D                   170    1    N    I    1    0   No   No
        0  No
        1  Yes
        8  Don't know
    (m) 9  Missing
   (na)    Not applicable
Water usually treated by: solar disinfection   HV237E                   171    1    N    I    1    0   No   No
        0  No
        1  Yes
        8  Don't know
    (m) 9  Missing
   (na)    Not applicable
Water usually treated by: let it stand and settHV237F                   172    1    N    I    1    0   No   No
        0  No
        1  Yes
        8  Don't know
    (m) 9  Missing
   (na)    Not applicable
Water usually treated by: "la cuelan"          HV237G                   173    1    N    I    1    0   No   No
        0  No
        1  Yes
        8  Don't know
    (m) 9  Missing
   (na)    Not applicable
NA - Water usually treated by: CS              HV237H                   174    1    N    I    1    0   No   No
        0  No
        1  Yes
        8  Don't know
    (m) 9  Missing
   (na)    Not applicable
NA - Water usually treated by: CS              HV237I                   175    1    N    I    1    0   No   No
        0  No
        1  Yes
        8  Don't know
    (m) 9  Missing
   (na)    Not applicable
NA - Water usually treated by: CS              HV237J                   176    1    N    I    1    0   No   No
        0  No
        1  Yes
        8  Don't know
    (m) 9  Missing
   (na)    Not applicable
NA - Water usually treated by: CS              HV237K                   177    1    N    I    1    0   No   No
        0  No
        1  Yes
        8  Don't know
    (m) 9  Missing
   (na)    Not applicable
Water usually treated by: other                HV237X                   178    1    N    I    1    0   No   No
        0  No
        1  Yes
        8  Don't know
    (m) 9  Missing
   (na)    Not applicable
Water usually treated by: don't know           HV237Z                   179    1    N    I    1    0   No   No
        0  No
        1  Yes
        8  Don't know
    (m) 9  Missing
   (na)    Not applicable
Number of households sharing toilet            HV238                    180    2    N    I    1    0   No   No
        2:9  
        95   10 or more households
        98   Don't know
    (m) 99   Missing
   (na)      Not applicable
NA - Food cooked on stove or open fire         HV239                    182    1    N    I    1    0   No   No
        1  Open fire
        2  Open stove
        3  Closed stove with chimney
        6  Other
    (m) 9  Missing
   (na)    Not applicable
NA - Household has a chimney, hood or neither  HV240                    183    1    N    I    1    0   No   No
        0  Neither chimney or hood
        1  Chimney
        2  Hood
    (m) 9  Missing
   (na)    Not applicable
NA - Food cooked in the house / in separate buiHV241                    184    1    N    I    1    0   No   No
        1  In the house
        2  In a separate building
        3  Outdoors
        6  Other
    (m) 9  Missing
   (na)    Not applicable
Household has separate room used as kitchen    HV242                    185    1    N    I    1    0   No   No
        0  No
        1  Yes
    (m) 9  Missing
   (na)    Not applicable
Has a mobile telephone                         HV243A                   186    1    N    I    1    0   No   No
        0  No
        1  Yes
    (m) 9  Missing
   (na)    Not applicable
NA - Has a watch                               HV243B                   187    1    N    I    1    0   No   No
        0  No
        1  Yes
    (m) 9  Missing
   (na)    Not applicable
NA - Has an animal-drawn cart                  HV243C                   188    1    N    I    1    0   No   No
        0  No
        1  Yes
    (m) 9  Missing
   (na)    Not applicable
NA - Has a boat with a motor                   HV243D                   189    1    N    I    1    0   No   No
        0  No
        1  Yes
    (m) 9  Missing
   (na)    Not applicable
NA - Own land usable for agriculture           HV244                    190    1    N    I    1    0   No   No
        0  No
        1  Yes
    (m) 9  Missing
   (na)    Not applicable
NA - Hectares for agricultural land            HV245                    191    2    N    I    1    0   No   No
        0:90  
        95    More than 95
        98    Unknown
    (m) 99    Missing
   (na)       Not applicable
NA - Livestock, herds or farm animals          HV246                    193    1    N    I    1    0   No   No
        0  No
        1  Yes
    (m) 9  Missing
   (na)    Not applicable
NA - Cattle own                                HV246A                   194    2    N    I    1    0   No   No
        0     None
        1:94  
        95    More than 95
        98    Unknown
    (m) 99    Missing
   (na)       Not applicable
NA - Cows, bulls own                           HV246B                   196    2    N    I    1    0   No   No
        0     None
        1:94  
        95    More than 95
        98    Unknown
    (m) 99    Missing
   (na)       Not applicable
NA - Horses, donkeys, mules own                HV246C                   198    2    N    I    1    0   No   No
        0     None
        1:94  
        95    More than 95
        98    Unknown
    (m) 99    Missing
   (na)       Not applicable
NA - Goats own                                 HV246D                   200    2    N    I    1    0   No   No
        0     None
        1:94  
        95    More than 95
        98    Unknown
    (m) 99    Missing
   (na)       Not applicable
NA - Sheep own                                 HV246E                   202    2    N    I    1    0   No   No
        0     None
        1:94  
        95    More than 95
        98    Unknown
    (m) 99    Missing
   (na)       Not applicable
NA - Chickens own                              HV246F                   204    2    N    I    1    0   No   No
        0     None
        1:94  
        95    More than 95
        98    Unknown
    (m) 99    Missing
   (na)       Not applicable
NA - CS own                                    HV246G                   206    2    N    I    1    0   No   No
        0     None
        1:94  
        95    More than 95
        98    Unknown
    (m) 99    Missing
   (na)       Not applicable
NA - CS own                                    HV246H                   208    2    N    I    1    0   No   No
        0     None
        1:94  
        95    More than 95
        98    Unknown
    (m) 99    Missing
   (na)       Not applicable
NA - CS own                                    HV246I                   210    2    N    I    1    0   No   No
        0     None
        1:94  
        95    More than 95
        98    Unknown
    (m) 99    Missing
   (na)       Not applicable
NA - CS own                                    HV246J                   212    2    N    I    1    0   No   No
        0     None
        1:94  
        95    More than 95
        98    Unknown
    (m) 99    Missing
   (na)       Not applicable
NA - CS own                                    HV246K                   214    2    N    I    1    0   No   No
        0     None
        1:94  
        95    More than 95
        98    Unknown
    (m) 99    Missing
   (na)       Not applicable
NA - Owns a bank account                       HV247                    216    1    N    I    1    0   No   No
        0  No
        1  Yes
    (m) 9  Missing
   (na)    Not applicable
NA - Number of sick people 18-59               HV248                    217    2    N    I    1    0   No   No
        0:20  
   (na)       Not applicable
NA - Member of the HH died last 12 months      HV249                    219    1    N    I    1    0   No   No
        0  No
        1  Yes
        8  DK
        9  Missing
   (na)    Not applicable
NA - Number of members who died last 12 months HV250                    220    2    N    I    1    0   No   No
        1:7  
        8    DK
    (m) 9    Missing
   (na)      Not applicable
NA - Number of orphans and vulnerable children HV251                    222    2    N    I    1    0   No   No
Wealth index                                   HV270                    224    1    N    I    1    0   No   No
        1  Poorest
        2  Poorer
        3  Middle
        4  Richer
        5  Richest
Wealth index factor score (5 decimals)         HV271                    225    8    N    I    1    0   No   No
NA - Number of mosquito nets                   HML1                     233    2    N    I    1    0   No   No
        0:97  
        98    Don't know
    (m) 99    Missing
   (na)       NotAppl
NA - Number of mosquito nets with specific infoHML1A                    235    1    N    I    1    0   No   No
        0:6  
   (na)      NotAppl
NA - Number of children under bednet previous nHML2                     236    2    N    I    1    0   No   No
        0:50  
    (m) 99    Missing
   (na)       NotAppl
Primary sampling unit                          SHUPM                    238    5    N    I    1    0   No   No
Dwelling number inside primary sampling unit   SHVIVI                   243    3    N    I    1    0   No   No
Household number inside dwelling               SHHOGAR                  246    1    N    I    1    0   No   No
   (na)    Not applicable
Province                                       SHPROVIN                 247    2    N    I    1    0   No   No
        1:20  
   (na)       Not applicable
Section                                        SHSECCI                  249    2    N    I    1    0   No   No
        1:8  
Canton                                         SHCANTON                 251    2    N    I    1    0   No   No
        1:24  
City                                           SHCIUDAD                 253    3    N    I    1    0   No   No
        0:227  
Zone                                           SHZONA                   256    3    N    I    1    0   No   No
        0:704  
Hour                                           SHHORA                   259    2    N    I    1    0   No   No
        5:23  
        97    Inconsistent
    (m) 99    Missing
Minute                                         SHMINUTO                 261    2    N    I    1    0   No   No
        0:59  
        97    Inconsistent
    (m) 99    Missing
Interior walls smoothly finished (plaster)     SH41                     263    1    N    I    1    0   No   No
        0  No
        1  Yes
        8  Don't know
    (m) 9  Missing
   (na)    Not applicable
Water used for drinking through piped water insSH45                     264    1    N    I    1    0   No   No
        1  Piped water inside the house
        2  Piped water outside of house but inside yard
        3  Piped water outside the yard
        4  Does not receive piped water
    (m) 9  Missing
   (na)    Not applicable
Water used for other purposes through piped watSH46                     265    1    N    I    1    0   No   No
        1  Piped water inside the house
        2  Piped water outside of house but inside yard
        3  Piped water outside the yard
        4  Does not receive piped water
    (m) 9  Missing
   (na)    Not applicable
Principal source of drinking and cooking water SH47                     266    2    N    I    1    0   No   No
        1   Water truck
        2   Well with pump
        3   Well without pump
        4   River/surface water/stream
        5   Pond/lagoon
        96  Other
    (m) 99  Missing
   (na)     Not applicable
Person fetching water                          SH49                     268    2    N    I    1    0   No   No
        1   Head
        2   Wife or husband
        3   Son/daughter
        4   Stepson/stepdaugther
        5   Son-in-law/daugher-in-law
        6   Grandchild
        7   Parent
        8   Parent-in-law
        9   Brother/sister
        10  Other relative
        11  Not related
        12  Maid / domestic worker
        98  DK
    (m) 99  Missing
   (na)     Not applicable
How often used water from this source during laSH52                     270    1    N    I    1    0   No   No
        1  All the time
        2  A few hours each day
        3  Some days per week
        4  Less frequently
        8  Don't know
    (m) 9  Missing
Have bathroom, flush toilet or latrine         SH53                     271    1    N    I    1    0   No   No
        0  No
        1  Yes
    (m) 9  Missing
Main source sanitation services,sewer,septic,opSH56                     272    1    N    I    1    0   No   No
        1  Sewage system
        2  Septic system
        3  Open pit
        4  Surface water (street/stream)
    (m) 9  Miissing
   (na)    Not Applicable
How many rooms in household (w/out bath/kitchenSH59                     273    2    N    I    1    0   No   No
        1:20  Rooms
    (m) 99    Missing
Household has computer                         SH61G                    275    1    N    I    1    0   No   No
        0  No
        1  Yes
    (m) 9  Missing
Household has electric water pump              SH61K                    276    1    N    I    1    0   No   No
        0  No
        1  Yes
    (m) 9  Missing
Access to Internet at home                     SH61L                    277    1    N    I    1    0   No   No
        0  No
        1  Yes
    (m) 9  Missing
Access to Internet in close proximity to home  SH61M                    278    1    N    I    1    0   No   No
        0  No
        1  Yes
    (m) 9  Missing
How do you usually dispose of trash in your houSH62                     279    2    N    I    1    0   No   No
        1   Municipal service
        2   Governenment contractor
        3   Other private contractor or person
        4   Burned
        5   Thrown in the patio
        6   Thrown in the street/stream/river
        7   Buried
        96  Other
        98  Don't know
    (m) 99  Missing
When household member is ill, which health instSH63                     281    2    N    I    1    0   No   No
        11  Public-hospital
        12  Public-social security hospital
        13  Public-Health center or health post
        14  Public-policlinic/policonsultary/consultory health insurance
        15  Public-other public
        21  Private-NGO or church hospital
        22  Private-clinic
        23  Private-health center, NGO or church run
        24  Private-consulting doctor/or specialist
        25  Private-other private
        31  Other-promoter/RPS/Other community health agent
        32  Other-traditional healer/naturalist/jampiri/qollir
        33  Other-pharmacy
        34  Other-friend/relative
        35  Other-wasn't taken/didn't go
        96  Other place
    (m) 99  Missing
In health center staff speaks your language    SH64A                    283    1    N    I    1    0   No   No
        0  No
        1  Yes
    (m) 9  Missing
   (na)    Not applicable
In health center staff are respectful of your cSH64B                    284    1    N    I    1    0   No   No
        0  No
        1  Yes
    (m) 9  Missing
   (na)    Not applicable
In health center staff seek permission to do meSH64C                    285    1    N    I    1    0   No   No
        0  No
        1  Yes
    (m) 9  Missing
   (na)    Not applicable
In health center staff explains medical proceduSH64D                    286    1    N    I    1    0   No   No
        0  No
        1  Yes
    (m) 9  Missing
   (na)    Not applicable
In health center staff accepts someone accompanSH64E                    287    1    N    I    1    0   No   No
        0  No
        1  Yes
    (m) 9  Missing
   (na)    Not applicable
In health center staff respects your privacy   SH64F                    288    1    N    I    1    0   No   No
        0  No
        1  Yes
    (m) 9  Missing
   (na)    Not applicable
Hour interview finished                        SH65H                    289    2    N    I    1    0   No   No
        5:23  
        97    Inconsistent
    (m) 99    Missing
Minute interview finished                      SH65M                    291    2    N    I    1    0   No   No
        0:59  
        97    Inconsistente
    (m) 99    Missing
Which type of salt used for cooking yesterday  SH70                     293    1    N    I    1    0   No   No
        1  Salt in a sack with a seal
        2  Salt in a sack without a seal
        3  Salt block
        4  Granulated salt
        5  No salt
        6  Other
    (m) 9  Missing
Test result for iodized salt                   SH70A                    294    1    N    I    1    0   No   No
        1  Positive (color purple)
        2  Negative (no color change)
    (m) 9  Missing
Level of poverty in municipality               SHPOBMUN                 295    1    N    I    1    0   No   No
        1  Department capital
        2  Highest
        3  Poorest
        4  Medium poverty
        5  High poverty
Line number                                    HVIDX                    296    2    N    I   18    0   No   No
        1:90  
Relationship to head                           HV101                    332    2    N    I   18    0   No   No
        1   Head
        2   Wife or husband
        3   Son/daughter
        4   Son/daughter-in-law
        5   Grandchild
        6   Parent
        7   Parent-in-law
        8   Brother/sister
        9   Co-spouse
        10  Other relative
        11  Adopted/foster child
        12  Not related
        13  Niece/nehew by blood
        14  Niece/nephew by marriage
        15  Maid / domestic worker
        98  DK
    (m) 99  Missing
Usual resident                                 HV102                    368    1    N    I   18    0   No   No
        0  No
        1  Yes
    (m) 9  Missing
Slept last night                               HV103                    386    1    N    I   18    0   No   No
        0  No
        1  Yes
    (m) 9  Missing
Sex of household member                        HV104                    404    1    N    I   18    0   No   No
        1  Male
        2  Female
    (m) 9  Missing
Age of household members                       HV105                    422    2    N    I   18    0   No   No
        0:96  
        97    96+
        98    DK
    (m) 99    Missing
Highest educational level                      HV106                    458    1    N    I   18    0   No   No
        0  No education, preschool
        1  Primary
        2  Secondary
        3  Higher
        8  DK
    (m) 9  Missing
Highest year of education                      HV107                    476    2    N    I   18    0   No   No
        0:20  
        98    DK
    (m) 99    Missing
   (na)       NotAppl
Education in single years                      HV108                    512    2    N    I   18    0   No   No
        0:20  
        97    Inconsistent
        98    DK
    (m) 99    Missing
Educational attainment                         HV109                    548    1    N    I   18    0   No   No
        0  No education
        1  Incomplete primary
        2  Complete primary
        3  Incomplete secondary
        4  Complete secondary
        5  Higher
        8  DK
    (m) 9  Missing
Member still in school                         HV110                    566    1    N    I   18    0   No   No
        0  No
        1  Yes
    (m) 9  Missing
Mother alive                                   HV111                    584    1    N    I   18    0   No   No
        0  No
        1  Yes
        8  DK
    (m) 9  Missing
   (na)    NotAppl
Mother's line number                           HV112                    602    2    N    I   18    0   No   No
        0     Mother not in HH
        1:90  
    (m) 99    Missing
   (na)       NotAppl
Father alive                                   HV113                    638    1    N    I   18    0   No   No
        0  No
        1  Yes
        8  DK
    (m) 9  Missing
   (na)    NotAppl
Father's line number                           HV114                    656    2    N    I   18    0   No   No
        0     Father not in HH
        1:90  
    (m) 99    Missing
   (na)       NotAppl
NA - Current marital status                    HV115                    692    1    N    I   18    0   No   No
        0  Never married
        1  Married
        2  Living together
        3  Widowed
        4  Divorced
        5  Not living together
    (m) 9  Missing
   (na)    NotAppl
NA - Currently, formerly, never m.             HV116                    710    1    N    I   18    0   No   No
        0  Never married
        1  Currently married
        2  Formerly/ever marr.
    (m) 9  Missing
   (na)    NotAppl
Eligibility for female interview               HV117                    728    1    N    I   18    0   No   No
        0  Not eligible
        1  Eligible
   (na)    NotAppl
Eligibility for male interview                 HV118                    746    1    N    I   18    0   No   No
        0  Not eligible
        1  Eligible
   (na)    NotAppl
Children eligibility for height/weight and hemoHV120                    764    1    N    I   18    0   No   No
        0  Not eligible
        1  Eligible
   (na)    NotAppl
Member attended school during current school yeHV121                    782    1    N    I   18    0   No   No
        0  No
        1  Currently attending
        2  Attended at some time
    (m) 9  Missing
   (na)    NotAppl
Educational level during current school year   HV122                    800    1    N    I   18    0   No   No
        0  No education, preschool
        1  Primary
        2  Secondary
        3  Higher
        8  DK
    (m) 9  Missing
Grade of education during current school year  HV123                    818    2    N    I   18    0   No   No
        0:20  
        98    DK
    (m) 99    Missing
   (na)       NotAppl
Education in single years - current school yearHV124                    854    2    N    I   18    0   No   No
        0:20  
        97    Inconsistent
        98    DK
    (m) 99    Missing
Member attended school during previous school yHV125                    890    1    N    I   18    0   No   No
        0  No
        1  Yes
    (m) 9  Missing
Educational level during previous school year  HV126                    908    1    N    I   18    0   No   No
        0  No education, preschool
        1  Primary
        2  Secondary
        3  Higher
        8  DK
    (m) 9  Missing
Grade of education during previous school year HV127                    926    2    N    I   18    0   No   No
        0:20  
        98    DK
    (m) 99    Missing
   (na)       NotAppl
Education in single years - previous school yeaHV128                    962    2    N    I   18    0   No   No
        0:20  
        97    Inconsistent
        98    DK
    (m) 99    Missing
School attendance status                       HV129                    998    1    N    I   18    0   No   No
        0  Never attended
        1  Entered school
        2  Advanced
        3  Repeating
        4  Dropout
        5  Left school 2+ years ago
        8  DK
    (m) 9  Missing
   (na)    NotAppl
NA - Member has been very sick for 3+ months laHV130                   1016    1    N    I   18    0   No   No
        0  No
        1  Yes
        8  DK
    (m) 9  Missing
   (na)    NotAppl
NA - Mother has been very sick for 3+ months laHV131                   1034    1    N    I   18    0   No   No
        0  No
        1  Yes
        8  DK
    (m) 9  Missing
   (na)    NotAppl
NA - Father has been very sick for 3+ months laHV132                   1052    1    N    I   18    0   No   No
        0  No
        1  Yes
        8  DK
    (m) 9  Missing
   (na)    NotAppl
NA - Mother/father dead or been very sick for 3HV133                   1070    1    N    I   18    0   No   No
        0  No
        1  Yes
    (m) 9  Missing
   (na)    NotAppl
NA - Both parents alive                        HV134                   1088    1    N    I   18    0   No   No
        0  No
        1  Yes
    (m) 9  Missing
   (na)    NotAppl
NA - Has brothers/sisters under 18 of the same HV135                   1106    1    N    I   18    0   No   No
        0  No
        1  Yes
        8  DK
    (m) 9  Missing
   (na)    NotAppl
NA - Brothers/sisters under 18 that don't live HV136                   1124    1    N    I   18    0   No   No
        0  No
        1  Yes
    (m) 9  Missing
   (na)    NotAppl
NA - Member has a blanket                      HV137                   1142    1    N    I   18    0   No   No
        0  No
        1  Yes
        8  DK
    (m) 9  Missing
   (na)    NotAppl
NA - Member has a pair of shoes                HV138                   1160    1    N    I   18    0   No   No
        0  No
        1  Yes
        8  DK
    (m) 9  Missing
   (na)    NotAppl
NA - Member has 2+ sets of clothes             HV139                   1178    1    N    I   18    0   No   No
        0  No
        1  Yes
        8  DK
    (m) 9  Missing
   (na)    NotAppl
Member has a birth certificate                 HV140                   1196    1    N    I   18    0   No   No
        0  Neither certificate or registered
        1  Has certificate
        2  Registered
        8  DK
    (m) 9  Missing
   (na)    NotAppl
Index to household schedule                    IDXH4                   1214    2    N    I   18    0   No   No
        1:90  
Language learned as a child                    SH05A                   1250    1    N    I   18    0   No   No
        1  Quechua
        2  Aymara
        3  Castellano
        4  Guarani
        5  Other native language
        6  Foreigner
        7  Can't speak
        8  Don't know yet
    (m) 9  Missing
Spoken language Quechua                        SH05BA                  1268    1    N    I   18    0   No   No
        0  No
        1  Yes
    (m) 9  Missing
Spoken language Aymara                         SH05BB                  1286    1    N    I   18    0   No   No
        0  No
        1  Yes
    (m) 9  Missing
Spoken language Castellano                     SH05BC                  1304    1    N    I   18    0   No   No
        0  No
        1  Yes
    (m) 9  Missing
Spoken language Guarani                        SH05BD                  1322    1    N    I   18    0   No   No
        0  No
        1  Yes
    (m) 9  Missing
Spoken language other                          SH05BX                  1340    1    N    I   18    0   No   No
        0  No
        1  Yes
    (m) 9  Missing
Foreigner                                      SH05BY                  1358    1    N    I   18    0   No   No
        0  No
        1  Yes
    (m) 9  Missing
Have a birth certificate (registration)        SH16                    1376    1    N    I   18    0   No   No
        0  Does not have birth certicifate
        1  Yes, has, seen
        2  Yes, has, not seen
        8  Don't know
    (m) 9  Missing
   (na)    Not applicable
During this year attend a center or learning esSH17                    1394    1    N    I   18    0   No   No
        1  Public care
        2  Private care
        3  Public preschool
        4  Private preschool
        5  PIDIs/ GUAGUAWASIS
        6  Other
        7  Did not attend
        8  Don't know
    (m) 9  Missing
   (na)    NotAppl
Knows how to read and write                    SH18                    1412    1    N    I   18    0   No   No
        0  No
        1  Yes
    (m) 9  Missing
   (na)    NotAppl
At one time attended school, college or universSH19                    1430    1    N    I   18    0   No   No
        0  No, never attended
        1  Yes
    (m) 9  Missing
   (na)    Not applicable
Highest level of education completed           SH20N                   1448    1    N    I   18    0   No   No
        1  Preschool education
        2  Primary (1-8)
        3  Secondary (1-4)
        4  Normal / police / military
        5  Senior university
        6  Postgraduate univeristy
        8  Don't know
        9  Missing
   (na)    NotAppl
Highest grade at that level                    SH20C                   1466    1    N    I   18    0   No   No
        0:8  
    (m) 9    Missing
   (na)      NotAppl
Attend any educational center                  SH21                    1484    1    N    I   18    0   No   No
        0  No
        1  Yes
    (m) 9  Missing
   (na)    NotAppl
Registered in any course this school (primary, SH22                    1502    1    N    I   18    0   No   No
        0  No
        1  Yes
    (m) 9  Missing
   (na)    Not applicable
Level registered for this year                 SH23N                   1520    1    N    I   18    0   No   No
        1  Preschool education
        2  Primary (1-8)
        3  Secondary (1-4)
        4  Normal / police / military
        5  Senior university
        6  Postgraduate univeristy
        8  Don't know
        9  Missing
   (na)    NotAppl
Which grade at that level                      SH23C                   1538    1    N    I   18    0   No   No
        0:8  
    (m) 9    Missing
   (na)      NotAppl
Registered in any course last year (2007)      SH24                    1556    1    N    I   18    0   No   No
        0  No
        1  Yes
        8  Don't know
    (m) 9  Missing
   (na)    NotAppl
Level registered for that year                 SH25N                   1574    1    N    I   18    0   No   No
        1  Preschool education
        2  Primary (1-8)
        3  Secondary (1-4)
        4  Normal / policie / military
        5  Senior universitaria
        6  Postgraduate university
        8  Don't know
        9  Missing
   (na)    NotAppl
Which grade at that level                      SH25C                   1592    1    N    I   18    0   No   No
        0:8  
    (m) 9    Missing
   (na)      NotAppl
5-19 Year old taken to health center in 2007   SH28                    1610    1    N    I   18    0   No   No
        0  No
        1  Si
    (m) 9  Missing
   (na)    Not applicable
Reason visit health center in 2007: general cheSH29A                   1628    1    N    I   18    0   No   No
        0  No
        1  Yes
        8  Don't know
    (m) 9  Missing
   (na)    Not applicable
Reason visit health center in 2007: illness/disSH29B                   1646    1    N    I   18    0   No   No
        0  No
        1  Yes
        8  Don't know
    (m) 9  Missing
   (na)    Not applicable
Reason visit health center in 2007: accident   SH29C                   1664    1    N    I   18    0   No   No
        0  No
        1  Yes
        8  Don't know
    (m) 9  Missing
   (na)    Not applicable
Reason visit health center in 2007: attention fSH29D                   1682    1    N    I   18    0   No   No
        0  No
        1  Yes
        8  Don't know
    (m) 9  Missing
   (na)    Not applicable
Reason visit health center in 2007: informationSH29E                   1700    1    N    I   18    0   No   No
        0  No
        1  Yes
        8  Don't know
    (m) 9  Missing
   (na)    Not applicable
5-19 Year old had health problem in last 3 montSH29AA                  1718    1    N    I   18    0   No   No
        0  No
        1  Yes
        8  Don't know
    (m) 9  Missing
   (na)    Not applicable
Health problem 15-19 year old in last 3 months:SH29BA                  1736    1    N    I   18    0   No   No
        0  No
        1  Yes
        8  Don't know
    (m) 9  Missing
   (na)    Not applicable
Health problem 15-19 year old in last 3 months:SH29BB                  1754    1    N    I   18    0   No   No
        0  No
        1  Yes
        8  Don't know
    (m) 9  Missing
   (na)    Not applicable
Health problem 15-19 year old in last 3 months:SH29BC                  1772    1    N    I   18    0   No   No
        0  No
        1  Yes
        8  Don't know
    (m) 9  Missing
   (na)    Not applicable
Health problem 15-19 year old in last 3 months:SH29BD                  1790    1    N    I   18    0   No   No
        0  No
        1  Yes
        8  Don't know
    (m) 9  Missing
   (na)    Not applicable
Health problem 15-19 year old in last 3 months:SH29BE                  1808    1    N    I   18    0   No   No
        0  No
        1  Yes
        8  Don't know
    (m) 9  Missing
   (na)    Not applicable
Health problem 15-19 year old in last 3 months:SH29BF                  1826    1    N    I   18    0   No   No
        0  No
        1  Yes
        8  Don't know
    (m) 9  Missing
   (na)    Not applicable
Health problem 15-19 year old in last 3 months:SH29BG                  1844    1    N    I   18    0   No   No
        0  No
        1  Yes
        8  Don't know
    (m) 9  Missing
   (na)    Not applicable
Health problem 15-19 year old in last 3 months:SH29BH                  1862    1    N    I   18    0   No   No
        0  No
        1  Yes
        8  Don't know
    (m) 9  Missing
   (na)    Not applicable
Health problem 15-19 year old in last 3 months:SH29BI                  1880    1    N    I   18    0   No   No
        0  No
        1  Yes
        8  Don't know
    (m) 9  Missing
   (na)    Not applicable
Health problem 15-19 year old in last 3 months:SH29BJ                  1898    1    N    I   18    0   No   No
        0  No
        1  Yes
        8  Don't know
    (m) 9  Missing
   (na)    Not applicable
Health problem 15-19 year old in last 3 months:SH29BK                  1916    1    N    I   18    0   No   No
        0  No
        1  Yes
        8  Don't know
    (m) 9  Missing
   (na)    Not applicable
Health problem 15-19 year old in last 3 months:SH29BL                  1934    1    N    I   18    0   No   No
        0  No
        1  Yes
        8  Don't know
    (m) 9  Missing
   (na)    Not applicable
Treatment health problem: public-hospital      SH30A                   1952    1    N    I   18    0   No   No
        0  No
        1  Yes
        8  Don't know
    (m) 9  Missing
   (na)    Not applicable
Treatment health problem: public-social securitSH30B                   1970    1    N    I   18    0   No   No
        0  No
        1  Yes
        8  Don't know
    (m) 9  Missing
   (na)    Not applicable
Treatment health problem: Public health post/ hSH30C                   1988    1    N    I   18    0   No   No
        0  No
        1  Yes
        8  Don't know
    (m) 9  Missing
   (na)    Not applicable
Treatment health problem: public-policlinic/polSH30D                   2006    1    N    I   18    0   No   No
        0  No
        1  Yes
        8  Don't know
    (m) 9  Missing
   (na)    Not applicable
Treatment health problem: other public         SH30E                   2024    1    N    I   18    0   No   No
        0  No
        1  Yes
        8  Don't know
    (m) 9  Missing
   (na)    Not applicable
Treatment health problem: NGO/church hospital  SH30F                   2042    1    N    I   18    0   No   No
        0  No
        1  Yes
        8  Don't know
    (m) 9  Missing
   (na)    Not applicable
Treatment health problem: private clinic       SH30G                   2060    1    N    I   18    0   No   No
        0  No
        1  Yes
        8  Don't know
    (m) 9  Missing
   (na)    Not applicable
Treatment health problem: NGO/church health cenSH30H                   2078    1    N    I   18    0   No   No
        0  No
        1  Yes
        8  Don't know
    (m) 9  Missing
   (na)    Not applicable
Treatment health problem: private doctor       SH30I                   2096    1    N    I   18    0   No   No
        0  No
        1  Yes
        8  Don't know
    (m) 9  Missing
   (na)    Not applicable
Treatment health problem: other private        SH30J                   2114    1    N    I   18    0   No   No
        0  No
        1  Yes
        8  Don't know
    (m) 9  Missing
   (na)    Not applicable
Treatment health problem: promoter / community SH30K                   2132    1    N    I   18    0   No   No
        0  No
        1  Yes
        8  Don't know
    (m) 9  Missing
   (na)    Not applicable
Treatment health problem: traditional medicine SH30L                   2150    1    N    I   18    0   No   No
        0  No
        1  Yes
        8  Don't know
    (m) 9  Missing
   (na)    Not applicable
Treatment health problem: pharmacy             SH30M                   2168    1    N    I   18    0   No   No
        0  No
        1  Yes
        8  Don't know
    (m) 9  Missing
   (na)    Not applicable
Treatment health problem: other-friend/relativeSH30N                   2186    1    N    I   18    0   No   No
        0  No
        1  Yes
        8  Don't know
    (m) 9  Missing
   (na)    Not applicable
Treatment health problem: other-didn't take/didSH30O                   2204    1    N    I   18    0   No   No
        0  No
        1  Yes
        8  Don't know
    (m) 9  Missing
   (na)    Not applicable
Treatment health problem: other place          SH30X                   2222    1    N    I   18    0   No   No
        0  No
        1  Yes
        8  Don't know
    (m) 9  Missing
   (na)    Not applicable
Treatment health problem: don't know           SH30Z                   2240    1    N    I   18    0   No   No
        0  No
        1  Yes
        8  Don't know
    (m) 9  Missing
   (na)    Not applicable
Reason no treatment: had to wait too long      SH31A                   2258    1    N    I   18    0   No   No
        0  No
        1  Yes
        8  Don't know
    (m) 9  Missing
   (na)    Not applicable
Reason no treatment: no place to wait/uncomfortSH31B                   2276    1    N    I   18    0   No   No
        0  No
        1  Yes
        8  Don't know
    (m) 9  Missing
   (na)    Not applicable
Reason no treatment: personnel rude            SH31C                   2294    1    N    I   18    0   No   No
        0  No
        1  Yes
        8  Don't know
    (m) 9  Missing
   (na)    Not applicable
Reason no treatment: personnel not experienced SH31D                   2312    1    N    I   18    0   No   No
        0  No
        1  Yes
        8  Don't know
    (m) 9  Missing
   (na)    Not applicable
Reason no treatment: can't find help at the facSH31E                   2330    1    N    I   18    0   No   No
        0  No
        1  Yes
        8  Don't know
    (m) 9  Missing
   (na)    Not applicable
Reason no treatment: not clean                 SH31F                   2348    1    N    I   18    0   No   No
        0  No
        1  Yes
        8  Don't know
    (m) 9  Missing
   (na)    Not applicable
Reason no treatment: too far                   SH31G                   2366    1    N    I   18    0   No   No
        0  No
        1  Yes
        8  Don't know
    (m) 9  Missing
   (na)    Not applicable
Reason no treatment: not open every day        SH31H                   2384    1    N    I   18    0   No   No
        0  No
        1  Yes
        8  Don't know
    (m) 9  Missing
   (na)    Not applicable
Reason no treatment: inadequate schedule of houSH31I                   2402    1    N    I   18    0   No   No
        0  No
        1  Yes
        8  Don't know
    (m) 9  Missing
   (na)    Not applicable
Reason no treatment: had no money              SH31J                   2420    1    N    I   18    0   No   No
        0  No
        1  Yes
        8  Don't know
    (m) 9  Missing
   (na)    Not applicable
Reason no treatment: don't know the health centSH31K                   2438    1    N    I   18    0   No   No
        0  No
        1  Yes
        8  Don't know
    (m) 9  Missing
   (na)    Not applicable
Reason no treatment: attend to in another languSH31L                   2456    1    N    I   18    0   No   No
        0  No
        1  Yes
        8  Don't know
    (m) 9  Missing
   (na)    Not applicable
Reason no treatment: other                     SH31X                   2474    1    N    I   18    0   No   No
        0  No
        1  Yes
        8  Don't know
    (m) 9  Missing
   (na)    Not applicable
Reason no treatment: don't know                SH31Z                   2492    1    N    I   18    0   No   No
        0  No
        1  Yes
        8  Don't know
    (m) 9  Missing
   (na)    Not applicable
5-19 year old has taken medicine for intestinalSH32                    2510    1    N    I   18    0   No   No
        0  No
        1  Yes
    (m) 9  Missing
   (na)    Not applicable
60 and over: heard of health insurance for the SH33                    2528    1    N    I   18    0   No   No
        0  No
        1  Yes
    (m) 9  Missing
   (na)    Not applicable
Target audience of SPAM health insurance       SH34                    2546    1    N    I   18    0   No   No
        1  Man and woman age 60 years or more
        2  Other
        8  Don't know
    (m) 9  Missing
   (na)    Not applicable
Received care covered by health insurance for tSH35                    2564    1    N    I   18    0   No   No
        0  No
        1  Yes
    (m) 9  Missing
   (na)    Not applicable
SPAM care given by: public hospital            SH36A                   2582    1    N    I   18    0   No   No
        0  No
        1  Yes
    (m) 9  Missing
   (na)    Not applicable
SPAM care given by: social security hospital   SH36B                   2600    1    N    I   18    0   No   No
        0  No
        1  Yes
    (m) 9  Missing
   (na)    Not applicable
SPAM care given by: health post / health centerSH36C                   2618    1    N    I   18    0   No   No
        0  No
        1  Yes
    (m) 9  Missing
   (na)    Not applicable
SPAM care given by: other place                SH36D                   2636    1    N    I   18    0   No   No
        0  No
        1  Yes
    (m) 9  Missing
   (na)    Not applicable
SPAM care given by: don't know                 SH36Z                   2654    1    N    I   18    0   No   No
        0  No
        1  Yes
    (m) 9  Missing
   (na)    Not applicable
Care SPAM: in own language                     SH37A                   2672    1    N    I   18    0   No   No
        0  No
        1  Yes
    (m) 9  Missing
   (na)    Not applicable
Care SPAM: nearby                              SH37B                   2690    1    N    I   18    0   No   No
        0  No
        1  Yes
    (m) 9  Missing
   (na)    Not applicable
Care SPAM: friendly                            SH37C                   2708    1    N    I   18    0   No   No
        0  No
        1  Yes
    (m) 9  Missing
   (na)    Not applicable
Care SPAM: had to pay                          SH37D                   2726    1    N    I   18    0   No   No
        0  No
        1  Yes
    (m) 9  Missing
   (na)    Not applicable
Reason no care SPAM: had to wait too long      SH39A                   2744    1    N    I   18    0   No   No
        0  No
        1  Yes
    (m) 9  Missing
   (na)    Not applicable
Reason no care SPAM: no place to wait/uncomfortSH39B                   2762    1    N    I   18    0   No   No
        0  No
        1  Yes
    (m) 9  Missing
   (na)    Not applicable
Reason no care SPAM: personnel rude            SH39C                   2780    1    N    I   18    0   No   No
        0  No
        1  Yes
    (m) 9  Missing
   (na)    Not applicable
Reason no care SPAM: personnel not experienced SH39D                   2798    1    N    I   18    0   No   No
        0  No
        1  Yes
    (m) 9  Missing
   (na)    Not applicable
Reason no care SPAM: can't find help at the facSH39E                   2816    1    N    I   18    0   No   No
        0  No
        1  Yes
    (m) 9  Missing
   (na)    Not applicable
Reason no care SPAM: not clean                 SH39F                   2834    1    N    I   18    0   No   No
        0  No
        1  Yes
    (m) 9  Missing
   (na)    Not applicable
Reason no care SPAM: no medicines              SH39G                   2852    1    N    I   18    0   No   No
        0  No
        1  Yes
    (m) 9  Missing
   (na)    Not applicable
Reason no care SPAM: too far                   SH39H                   2870    1    N    I   18    0   No   No
        0  No
        1  Yes
    (m) 9  Missing
   (na)    Not applicable
Reason no care SPAM: not open every day        SH39I                   2888    1    N    I   18    0   No   No
        0  No
        1  Yes
    (m) 9  Missing
   (na)    Not applicable
Reason no care SPAM: inadequate schedule of houSH39J                   2906    1    N    I   18    0   No   No
        0  No
        1  Yes
    (m) 9  Missing
   (na)    Not applicable
Reason no care SPAM: no one to take me         SH39K                   2924    1    N    I   18    0   No   No
        0  No
        1  Yes
    (m) 9  Missing
   (na)    Not applicable
Reason no care SPAM: did not have money        SH39L                   2942    1    N    I   18    0   No   No
        0  No
        1  Yes
    (m) 9  Missing
   (na)    Not applicable
Reason no care SPAM: no need                   SH39M                   2960    1    N    I   18    0   No   No
        0  No
        1  Yes
    (m) 9  Missing
   (na)    Not applicable
Reason no care SPAM: no member                 SH39N                   2978    1    N    I   18    0   No   No
        0  No
        1  Yes
    (m) 9  Missing
   (na)    Not applicable
Reason no care SPAM: other reason              SH39X                   2996    1    N    I   18    0   No   No
        0  No
        1  Yes
    (m) 9  Missing
   (na)    Not applicable
Reason no care SPAM: don't know                SH39Z                   3014    1    N    I   18    0   No   No
        0  No
        1  Yes
    (m) 9  Missing
   (na)    Not applicable
Index to household schedule                    HA0                     3032    2    N    I    6    0   No   No
        1:90  
Women's age in years                           HA1                     3044    2    N    I    6    0   No   No
        15:49  
Respondent's weight (kilos-1d)                 HA2                     3056    4    N    I    6    0   No   No
    (m) 9999  Missing
   (na)       NotAppl
Respondent's height (cms-1d)                   HA3                     3080    4    N    I    6    0   No   No
    (m) 9999  Missing
   (na)       NotAppl
Ht/A Percentile (resp.)                        HA4                     3104    4    N    I    6    0   No   No
        9998  Flagged cases
    (m) 9999  Missing
   (na)       NotAppl
Ht/A Standard deviations (resp                 HA5                     3128    4    N    I    6    0   No   No
        9998  Flagged cases
    (m) 9999  Missing
   (na)       NotAppl
Ht/A Percent ref. median (resp                 HA6                     3152    5    N    I    6    0   No   No
        99998  Flagged cases
    (m) 99999  Missing
   (na)        NotAppl
Wt/Ht Std deviations(resp) DHS                 HA11                    3182    4    N    I    6    0   No   No
        9998  Flagged cases
    (m) 9999  Missing
   (na)       NotAppl
Wt/Ht Percent ref. median (DHS                 HA12                    3206    5    N    I    6    0   No   No
        99998  Flagged cases
    (m) 99999  Missing
   (na)        NotAppl
Wt/Ht Percent ref. median (Fog                 HA12A                   3236    5    N    I    6    0   No   No
        99998  Flagged cases
    (m) 99999  Missing
   (na)        NotAppl
Wt/Ht Percent ref. median (WHO                 HA12B                   3266    5    N    I    6    0   No   No
        99998  Flagged cases
    (m) 99999  Missing
   (na)        NotAppl
Result of measurement of resp.                 HA13                    3296    1    N    I    6    0   No   No
        0  Measured
        3  Not present
        4  Refused
        6  Other
    (m) 9  Missing
Date of birth (cmc)                            HA32                    3302    4    N    I    6    0   No   No
Completeness of information                    HA33                    3326    1    N    I    6    0   No   No
        1  Month and year
        2  Month and age
        3  Year and age
        4  Year
        5  
        6  Age
        7  Month
        8  None
   (na)    NotAppl
Smoking                                        HA35                    3332    2    N    I    6    0   No   No
        0     Doesn't smoke
        1:79  
        80    80+
        94    Smokes pipes, cigars, etc
    (m) 99    Missing
   (na)       Not applicable
Body mass index for respondent                 HA40                    3344    4    N    I    6    0   No   No
        9998  Flagged cases
    (m) 9999  Missing
   (na)       NotAppl
Rohrer's index for respondent                  HA41                    3368    4    N    I    6    0   No   No
        9998  Flagged cases
    (m) 9999  Missing
   (na)       NotAppl
NA - Under age 18                              HA50                    3392    1    N    I    6    0   No   No
        1  Under age 18
        2  Age 18 or older
    (m) 9  Missing
   (na)    NotAppl
Line no. of parent/caretaker                   HA51                    3398    2    N    I    6    0   No   No
        0     Not in household
        1:50  
   (na)       NotAppl
Read consent statement                         HA52                    3410    1    N    I    6    0   No   No
        1  Granted
        2  Parent/Other responsible refused
        3  Respondent refused
    (m) 9  Missing
   (na)    NotAppl
Hemoglobin level (g/dl - 1 decimal)            HA53                    3416    3    N    I    6    0   No   No
    (m) 999  Missing
   (na)      NotAppl
Currently pregnant                             HA54                    3434    1    N    I    6    0   No   No
        0  No/don't know
        1  Yes
    (m) 9  Missing
   (na)    NotAppl
Result of measuring (Hemoglobin)               HA55                    3440    1    N    I    6    0   No   No
        0    Measured
        1:2  
        3    Not present
        4    Refused
        5    
        6    Other
    (m) 9    Missing
   (na)      NotAppl
Hemoglobin level adjusted by altitude and smokiHA56                    3446    3    N    I    6    0   No   No
    (m) 999  Missing
   (na)      NotAppl
Anemia level                                   HA57                    3464    1    N    I    6    0   No   No
        1  Severe
        2  Moderate
        3  Mild
        4  Not anemic
    (m) 9  Missing
   (na)    NotAppl
NA - Agrees to referral                        HA58                    3470    1    N    I    6    0   No   No
        0  No
        1  Yes
    (m) 9  Missing
   (na)    NotAppl
NA - Marital status                            HA60                    3476    1    N    I    6    0   No   No
        1  Never in union
        2  Other
   (na)    Not applicable
NA - Read consent statement (HIV)              HA61                    3482    1    N    I    6    0   No   No
        1  Granted
        2  Parent/Other responsible refused
        3  Respondent refused
        4  Sample not tested/lost/not eonugh DBS
    (m) 9  Missing
   (na)    Not applicable
NA - Blood sample ID number                    HA62                    3488    5   AN    I    6    0   No   No
NA - Result of measuring (HIV)                 HA63                    3518    1    N    I    6    0   No   No
        1  Blood taken
        2  Not present
        3  Refused
        4  Sample not tested/lost
        5  Not enough DBS to complete protocol
        6  Other
    (m) 9  Missing
   (na)    Not applicable
NA - Consent for additional tests              HA64                    3524    1    N    I    6    0   No   No
        1  Granted
        2  Parent/Other responsible refused
        3  Respondent refused
    (m) 9  Missing
   (na)    Not applicable
Result of woman individual interview           HA65                    3530    1    N    I    6    0   No   No
        1  Completed
        2  Not at home
        3  Postponed
        4  Refused
        5  Partly completed
        6  Incapacitated
        7  Other
   (na)    Not applicable
Woman's highest educational level              HA66                    3536    1    N    I    6    0   No   No
        0  No education
        1  Primary
        2  Secondary
        3  Higher
    (m) 9  Missing
Woman's highest year of education              HA67                    3542    2    N    I    6    0   No   No
    (m) 99  Missing
   (na)     NotAppl
Highest educational level (CS for prelimnary & HA68                    3554    1    N    I    6    0   No   No
        0  No education
        1  Primary
        2  Secondary
        3  Higher
    (m) 9  Missing
NA - HIV weight (6 decimals)                   HA69                    3560    8    N    I    6    0   No   No
Index to household schedule                    HC0                     3608    2    N    I    6    0   No   No
        1:90  
Age in months                                  HC1                     3620    2    N    I    6    0   No   No
Weight in kilograms (1 dec.)                   HC2                     3632    4    N    I    6    0   No   No
    (m) 9999  Missing
   (na)       NotAppl
Height in centimeters (1 dec.)                 HC3                     3656    4    N    I    6    0   No   No
    (m) 9999  Missing
   (na)       NotAppl
Ht/A Percentile                                HC4                     3680    4    N    I    6    0   No   No
        9998  Flagged cases
    (m) 9999  Missing
   (na)       NotAppl
Ht/A Standard deviations                       HC5                     3704    4    N    I    6    0   No   No
        9998  Flagged cases
    (m) 9999  Missing
   (na)       NotAppl
Ht/A Percent of ref. median                    HC6                     3728    5    N    I    6    0   No   No
        99998  Flagged cases
    (m) 99999  Missing
   (na)        NotAppl
Wt/A Percentile                                HC7                     3758    4    N    I    6    0   No   No
        9998  Flagged cases
    (m) 9999  Missing
   (na)       NotAppl
Wt/A Standard deviations                       HC8                     3782    4    N    I    6    0   No   No
        9998  Flagged cases
    (m) 9999  Missing
   (na)       NotAppl
Wt/A Percent of ref. median                    HC9                     3806    5    N    I    6    0   No   No
        99998  Flagged cases
    (m) 99999  Missing
   (na)        NotAppl
Wt/Ht Percentile                               HC10                    3836    4    N    I    6    0   No   No
        9998  Flagged cases
    (m) 9999  Missing
   (na)       NotAppl
Wt/Ht Standard deviations                      HC11                    3860    4    N    I    6    0   No   No
        9998  Flagged cases
    (m) 9999  Missing
   (na)       NotAppl
Wt/Ht Percent of ref. median                   HC12                    3884    5    N    I    6    0   No   No
        99998  Flagged cases
    (m) 99999  Missing
   (na)        NotAppl
Reason not measured                            HC13                    3914    1    N    I    6    0   No   No
        0    Measured
        1:2  
        3    Not present
        4    Refused
        5    
        6    Other
    (m) 9    Missing
Height: lying or standing                      HC15                    3920    1    N    I    6    0   No   No
        1  Lying
        2  Standing
    (m) 9  Missing
   (na)    NotAppl
Day of birth of child                          HC16                    3926    2    N    I    6    0   No   No
        1:31   
        97:98  
    (m) 99     Missing
Date measured (day)                            HC17                    3938    2    N    I    6    0   No   No
        1:31  
   (na)       NotAppl
Date measured (month)                          HC18                    3950    2    N    I    6    0   No   No
        1:12  
   (na)       NotAppl
Date measured (year)                           HC19                    3962    4    N    I    6    0   No   No
        1999:2008  
   (na)            NotAppl
Sex                                            HC27                    3986    1    N    I    6    0   No   No
        1  Male
        2  Female
    (m) 9  Missing
Month of birth of child                        HC30                    3992    2    N    I    6    0   No   No
        1:12  
        97    Inconsistent
        98    DK
    (m) 99    Missing
   (na)       NotAppl
Year of birth of child                         HC31                    4004    4    N    I    6    0   No   No
        1995:2008  
        9997       Inconsistent
        9998       DK
    (m) 9999       Missing
   (na)            NotAppl
Date of birth (cmc)                            HC32                    4028    4    N    I    6    0   No   No
Completeness of information                    HC33                    4052    1    N    I    6    0   No   No
        1  Month and year
        2  Month and age
        3  Year and age
        4  Year
        5  
        6  Age
        7  Month
        8  None
   (na)    NotAppl
Line no. of parent/caretaker                   HC51                    4058    2    N    I    6    0   No   No
        0     Not in household
        1:50  
   (na)       NotAppl
Read consent statement                         HC52                    4070    1    N    I    6    0   No   No
        1  Granted
        2  Refused
    (m) 9  Missing
   (na)    NotAppl
Hemoglobin level (g/dl - 1 decimal)            HC53                    4076    3    N    I    6    0   No   No
    (m) 999  Missing
   (na)      NotAppl
Result of measuring (Hemoglobin)               HC55                    4094    1    N    I    6    0   No   No
        0    Measured
        1:2  
        3    Not present
        4    Refused
        5    
        6    Other
    (m) 9    Missing
   (na)      NotAppl
Hemoglobin level adjusted by altitude (g/dl - 1HC56                    4100    3    N    I    6    0   No   No
    (m) 999  Missing
   (na)      NotAppl
Anemia level                                   HC57                    4118    1    N    I    6    0   No   No
        1  Severe
        2  Moderate
        3  Mild
        4  Not anemic
    (m) 9  Missing
   (na)    NotAppl
NA - Agrees to referral                        HC58                    4124    1    N    I    6    0   No   No
        0  No
        1  Yes
    (m) 9  Missing
Mother's line number from woman's questionnaireHC60                    4130    3    N    I    6    0   No   No
        1:50  
        993   Mother not de facto
        994   Incomplete woman's interview
        995   Not in household
   (na)       NotAppl
Mother's highest educational level             HC61                    4148    1    N    I    6    0   No   No
        0  No education
        1  Primary
        2  Secondary
        3  Higher
    (m) 9  Missing
Mother's highest year of education             HC62                    4154    2    N    I    6    0   No   No
    (m) 99  Missing
   (na)     NotAppl
Preceding birth interval                       HC63                    4166    3    N    I    6    0   No   No
    (m) 999  Missing
   (na)      NotAppl
Birth order number                             HC64                    4184    2    N    I    6    0   No   No
        1:20  
    (m) 99    Missing
Highest educational level (CS for prelimnary & HC68                    4196    1    N    I    6    0   No   No
        0  No education
        1  Primary
        2  Secondary
        3  Higher
    (m) 9  Missing
Ht/A Standard deviations (according to WHO)    HC70                    4202    4    N    I    6    0   No   No
        9996  Height out of plausible limits
        9997  Age in days out of plausible limits
        9998  Flagged cases
    (m) 9999  Missing
   (na)       NotAppl
Wt/A Standard deviations (according to WHO)    HC71                    4226    4    N    I    6    0   No   No
        9996  Height out of plausible limits
        9997  Age in days out of plausible limits
        9998  Flagged cases
    (m) 9999  Missing
   (na)       NotAppl
Wt/Ht Standard deviations (according to WHO)   HC72                    4250    4    N    I    6    0   No   No
        9996  Height out of plausible limits
        9997  Age in days out of plausible limits
        9998  Flagged cases
    (m) 9999  Missing
   (na)       NotAppl
BMI Standard deviations (according to WHO)     HC73                    4274    4    N    I    6    0   No   No
        9996  Height out of plausible limits
        9997  Age in days out of plausible limits
        9998  Flagged cases
    (m) 9999  Missing
   (na)       NotAppl
--------------------------------------------------------------------------------------------------------------
Relation Name         Primary               Linked by             Secondary             Linked by
--------------------------------------------------------------------------------------------------------------
